   33.3%                     1 root/b
   33.3%                     1 root/sub/c
d  33.3%                     1 root/sub
   33.3%                     1 root/a
   33.3%                     1 root/b2 [root/b]
d 100.0%                     3 root
